// Jest Snapshot v1, https://goo.gl/fbAQLP

exports[`<Box /> render content 1`] = `<styled.div />`;
