// Jest Snapshot v1, https://goo.gl/fbAQLP

exports[`<ButtonLink /> render content 1`] = `
<styled.a>
  Text example
</styled.a>
`;
