// Jest Snapshot v1, https://goo.gl/fbAQLP

exports[`<Title render content 1`] = `
<styled.h1
  mb={0}
  mt={0}
>
  text example
</styled.h1>
`;
